>>>> [1] add1 <<<<
Executing command 'blank' ...
Executing command 'add' ...
Executing command 'save' ...
>>>> [2] add2 <<<<
Executing command 'blank' ...
Executing command 'add' ...
Executing command 'add' ...
Executing command 'add' ...
Executing command 'add' ...
Executing command 'save' ...
>>>> [3] add3 <<<<
Executing command 'blank' ...
Executing command 'add' ...
Executing command 'add' ...
Executing command 'add' ...
Executing command 'add' ...
Executing command 'save' ...
>>>> [4] add4 <<<<
Executing command 'open' ...
Executing command 'add' ...
Executing command 'add' ...
Executing command 'add' ...
Executing command 'save' ...
>>>> [5] add5 <<<<
Executing command 'blank' ...
Executing command 'add' ...
Executing command 'add' ...
Executing command 'add' ...
Executing command 'save' ...
>>>> [6] basic_blank1 <<<<
Executing command 'blank' ...
Executing command 'save' ...
>>>> [7] basic_blank2 <<<<
Executing command 'blank' ...
Executing command 'save' ...
>>>> [8] basic_blank3 <<<<
Executing command 'blank' ...
Executing command 'blank' ...
Executing command 'save' ...
>>>> [9] basic_open1 <<<<
Executing command 'open' ...
Executing command 'save' ...
>>>> [10] basic_open2 <<<<
Executing command 'open' ...
Executing command 'open' ...
Executing command 'save' ...
>>>> [11] crop1 <<<<
Executing command 'open' ...
Executing command 'crop' ...
Executing command 'save' ...
>>>> [12] crop2 <<<<
Executing command 'open' ...
Executing command 'crop' ...
Executing command 'save' ...
>>>> [13] crop3 <<<<
Executing command 'open' ...
Executing command 'crop' ...
Executing command 'crop' ...
Executing command 'save' ...
>>>> [14] crop4 <<<<
Executing command 'open' ...
Executing command 'crop' ...
Executing command 'save' ...
>>>> [15] crop5 <<<<
Executing command 'open' ...
Executing command 'crop' ...
Executing command 'crop' ...
Executing command 'save' ...
>>>> [16] crop6 <<<<
Executing command 'open' ...
Executing command 'crop' ...
Executing command 'crop' ...
Executing command 'crop' ...
Executing command 'save' ...
>>>> [17] extra1 <<<<
Executing command 'blank' ...
Executing command 'add' ...
Executing command 'add' ...
Executing command 'rotate_left' ...
Executing command 'rotate_right' ...
Executing command 'rotate_right' ...
Executing command 'rotate_right' ...
Executing command 'rotate_right' ...
Executing command 'rotate_right' ...
Executing command 'replace' ...
Executing command 'replace' ...
Executing command 'invert' ...
Executing command 'invert' ...
Executing command 'save' ...
>>>> [18] extra2 <<<<
Executing command 'blank' ...
Executing command 'add' ...
Executing command 'add' ...
Executing command 'h_mirror' ...
Executing command 'v_mirror' ...
Executing command 'rotate_left' ...
Executing command 'rotate_right' ...
Executing command 'rotate_right' ...
Executing command 'to_gray_scale' ...
Executing command 'rotate_right' ...
Executing command 'rotate_right' ...
Executing command 'rotate_right' ...
Executing command 'replace' ...
Executing command 'replace' ...
Executing command 'invert' ...
Executing command 'v_mirror' ...
Executing command 'h_mirror' ...
Executing command 'invert' ...
Executing command 'save' ...
>>>> [19] extra3 <<<<
Executing command 'open' ...
Executing command 'invert' ...
Executing command 'rotate_left' ...
Executing command 'h_mirror' ...
Executing command 'save' ...
Executing command 'open' ...
Executing command 'rotate_right' ...
Executing command 'v_mirror' ...
Executing command 'invert' ...
Executing command 'save' ...
Executing command 'blank' ...
Executing command 'add' ...
Executing command 'add' ...
Executing command 'add' ...
Executing command 'add' ...
Executing command 'save' ...
>>>> [20] extra4 <<<<
Executing command 'blank' ...
Executing command 'fill' ...
Executing command 'add' ...
Executing command 'fill' ...
Executing command 'add' ...
Executing command 'fill' ...
Executing command 'add' ...
Executing command 'save' ...
>>>> [21] fill1 <<<<
Executing command 'open' ...
Executing command 'fill' ...
Executing command 'save' ...
>>>> [22] fill2 <<<<
Executing command 'open' ...
Executing command 'fill' ...
Executing command 'fill' ...
Executing command 'fill' ...
Executing command 'save' ...
>>>> [23] fill3 <<<<
Executing command 'open' ...
Executing command 'fill' ...
Executing command 'save' ...
>>>> [24] fill4 <<<<
Executing command 'blank' ...
Executing command 'fill' ...
Executing command 'fill' ...
Executing command 'fill' ...
Executing command 'fill' ...
Executing command 'fill' ...
Executing command 'fill' ...
Executing command 'save' ...
>>>> [25] h_mirror1 <<<<
Executing command 'open' ...
Executing command 'h_mirror' ...
Executing command 'save' ...
>>>> [26] h_mirror2 <<<<
Executing command 'open' ...
Executing command 'h_mirror' ...
Executing command 'h_mirror' ...
Executing command 'save' ...
>>>> [27] h_mirror3 <<<<
Executing command 'open' ...
Executing command 'h_mirror' ...
Executing command 'save' ...
>>>> [28] h_mirror4 <<<<
Executing command 'open' ...
Executing command 'h_mirror' ...
Executing command 'save' ...
>>>> [29] invert1 <<<<
Executing command 'open' ...
Executing command 'invert' ...
Executing command 'save' ...
>>>> [30] invert2 <<<<
Executing command 'open' ...
Executing command 'invert' ...
Executing command 'invert' ...
Executing command 'save' ...
>>>> [31] invert3 <<<<
Executing command 'open' ...
Executing command 'invert' ...
Executing command 'save' ...
>>>> [32] invert4 <<<<
Executing command 'open' ...
Executing command 'invert' ...
Executing command 'save' ...
>>>> [33] median_filter1 <<<<
Executing command 'open' ...
Executing command 'median_filter' ...
Executing command 'save' ...
Images differ at pixel (1, 0)
255 245 211 vs 255 244 210

=================================================================
==4890==ERROR: LeakSanitizer: detected memory leaks

Direct leak of 16 byte(s) in 1 object(s) allocated from:
    #0 0x7f226d9b41c7 in operator new(unsigned long) ../../../../src/libsanitizer/asan/asan_new_delete.cpp:99
    #1 0x56381e67cadb in prog::loadFromPNG(std::__cxx11::basic_string<char, std::char_traits<char>, std::allocator<char> > const&) /home/alex/shared/ProjetoPorog/PNG.cpp:20
    #2 0x56381e627b76 in prog::Script::open() /home/alex/shared/ProjetoPorog/Script.cpp:104
    #3 0x56381e626cc7 in prog::Script::run() /home/alex/shared/ProjetoPorog/Script.cpp:40
    #4 0x56381e61759b in prog::TestDriver::test_script(std::__cxx11::basic_string<char, std::char_traits<char>, std::allocator<char> > const&) (/home/alex/shared/ProjetoPorog/test+0x9559b)
    #5 0x56381e61839d in prog::TestDriver::run_test(std::__cxx11::basic_string<char, std::char_traits<char>, std::allocator<char> > const&) (/home/alex/shared/ProjetoPorog/test+0x9639d)
    #6 0x56381e61a213 in prog::TestDriver::test_scripts(std::__cxx11::basic_string<char, std::char_traits<char>, std::allocator<char> > const&) (/home/alex/shared/ProjetoPorog/test+0x98213)
    #7 0x56381e616660 in main /home/alex/shared/ProjetoPorog/test.cpp:186
    #8 0x7f226cd99d8f in __libc_start_call_main ../sysdeps/nptl/libc_start_call_main.h:58

SUMMARY: AddressSanitizer: 16 byte(s) leaked in 1 allocation(s).
>>>> [34] median_filter2 <<<<
Executing command 'open' ...
Executing command 'median_filter' ...
Executing command 'save' ...
Images differ at pixel (5, 0)
185 133 116 vs 182 133 115

=================================================================
==4892==ERROR: LeakSanitizer: detected memory leaks

Direct leak of 16 byte(s) in 1 object(s) allocated from:
    #0 0x7f226d9b41c7 in operator new(unsigned long) ../../../../src/libsanitizer/asan/asan_new_delete.cpp:99
    #1 0x56381e67cadb in prog::loadFromPNG(std::__cxx11::basic_string<char, std::char_traits<char>, std::allocator<char> > const&) /home/alex/shared/ProjetoPorog/PNG.cpp:20
    #2 0x56381e627b76 in prog::Script::open() /home/alex/shared/ProjetoPorog/Script.cpp:104
    #3 0x56381e626cc7 in prog::Script::run() /home/alex/shared/ProjetoPorog/Script.cpp:40
    #4 0x56381e61759b in prog::TestDriver::test_script(std::__cxx11::basic_string<char, std::char_traits<char>, std::allocator<char> > const&) (/home/alex/shared/ProjetoPorog/test+0x9559b)
    #5 0x56381e61839d in prog::TestDriver::run_test(std::__cxx11::basic_string<char, std::char_traits<char>, std::allocator<char> > const&) (/home/alex/shared/ProjetoPorog/test+0x9639d)
    #6 0x56381e61a213 in prog::TestDriver::test_scripts(std::__cxx11::basic_string<char, std::char_traits<char>, std::allocator<char> > const&) (/home/alex/shared/ProjetoPorog/test+0x98213)
    #7 0x56381e616660 in main /home/alex/shared/ProjetoPorog/test.cpp:186
    #8 0x7f226cd99d8f in __libc_start_call_main ../sysdeps/nptl/libc_start_call_main.h:58

SUMMARY: AddressSanitizer: 16 byte(s) leaked in 1 allocation(s).
>>>> [35] median_filter3 <<<<
Executing command 'open' ...
Executing command 'median_filter' ...
Executing command 'median_filter' ...
Executing command 'save' ...
Images differ at pixel (2, 0)
46 67 85 vs 46 66 84

=================================================================
==4895==ERROR: LeakSanitizer: detected memory leaks

Direct leak of 16 byte(s) in 1 object(s) allocated from:
    #0 0x7f226d9b41c7 in operator new(unsigned long) ../../../../src/libsanitizer/asan/asan_new_delete.cpp:99
    #1 0x56381e62e2dc in prog::Script::median_filter() /home/alex/shared/ProjetoPorog/Script.cpp:290
    #2 0x56381e62717d in prog::Script::run() /home/alex/shared/ProjetoPorog/Script.cpp:93
    #3 0x56381e61759b in prog::TestDriver::test_script(std::__cxx11::basic_string<char, std::char_traits<char>, std::allocator<char> > const&) (/home/alex/shared/ProjetoPorog/test+0x9559b)
    #4 0x56381e61839d in prog::TestDriver::run_test(std::__cxx11::basic_string<char, std::char_traits<char>, std::allocator<char> > const&) (/home/alex/shared/ProjetoPorog/test+0x9639d)
    #5 0x56381e61a213 in prog::TestDriver::test_scripts(std::__cxx11::basic_string<char, std::char_traits<char>, std::allocator<char> > const&) (/home/alex/shared/ProjetoPorog/test+0x98213)
    #6 0x56381e616660 in main /home/alex/shared/ProjetoPorog/test.cpp:186
    #7 0x7f226cd99d8f in __libc_start_call_main ../sysdeps/nptl/libc_start_call_main.h:58

Direct leak of 16 byte(s) in 1 object(s) allocated from:
    #0 0x7f226d9b41c7 in operator new(unsigned long) ../../../../src/libsanitizer/asan/asan_new_delete.cpp:99
    #1 0x56381e67cadb in prog::loadFromPNG(std::__cxx11::basic_string<char, std::char_traits<char>, std::allocator<char> > const&) /home/alex/shared/ProjetoPorog/PNG.cpp:20
    #2 0x56381e627b76 in prog::Script::open() /home/alex/shared/ProjetoPorog/Script.cpp:104
    #3 0x56381e626cc7 in prog::Script::run() /home/alex/shared/ProjetoPorog/Script.cpp:40
    #4 0x56381e61759b in prog::TestDriver::test_script(std::__cxx11::basic_string<char, std::char_traits<char>, std::allocator<char> > const&) (/home/alex/shared/ProjetoPorog/test+0x9559b)
    #5 0x56381e61839d in prog::TestDriver::run_test(std::__cxx11::basic_string<char, std::char_traits<char>, std::allocator<char> > const&) (/home/alex/shared/ProjetoPorog/test+0x9639d)
    #6 0x56381e61a213 in prog::TestDriver::test_scripts(std::__cxx11::basic_string<char, std::char_traits<char>, std::allocator<char> > const&) (/home/alex/shared/ProjetoPorog/test+0x98213)
    #7 0x56381e616660 in main /home/alex/shared/ProjetoPorog/test.cpp:186
    #8 0x7f226cd99d8f in __libc_start_call_main ../sysdeps/nptl/libc_start_call_main.h:58

SUMMARY: AddressSanitizer: 32 byte(s) leaked in 2 allocation(s).
>>>> [36] median_filter4 <<<<
Executing command 'open' ...
Executing command 'median_filter' ...
Executing command 'median_filter' ...
Executing command 'save' ...
Images differ at pixel (0, 0)
128 128 128 vs 145 145 145

=================================================================
==4897==ERROR: LeakSanitizer: detected memory leaks

Direct leak of 16 byte(s) in 1 object(s) allocated from:
    #0 0x7f226d9b41c7 in operator new(unsigned long) ../../../../src/libsanitizer/asan/asan_new_delete.cpp:99
    #1 0x56381e62e2dc in prog::Script::median_filter() /home/alex/shared/ProjetoPorog/Script.cpp:290
    #2 0x56381e62717d in prog::Script::run() /home/alex/shared/ProjetoPorog/Script.cpp:93
    #3 0x56381e61759b in prog::TestDriver::test_script(std::__cxx11::basic_string<char, std::char_traits<char>, std::allocator<char> > const&) (/home/alex/shared/ProjetoPorog/test+0x9559b)
    #4 0x56381e61839d in prog::TestDriver::run_test(std::__cxx11::basic_string<char, std::char_traits<char>, std::allocator<char> > const&) (/home/alex/shared/ProjetoPorog/test+0x9639d)
    #5 0x56381e61a213 in prog::TestDriver::test_scripts(std::__cxx11::basic_string<char, std::char_traits<char>, std::allocator<char> > const&) (/home/alex/shared/ProjetoPorog/test+0x98213)
    #6 0x56381e616660 in main /home/alex/shared/ProjetoPorog/test.cpp:186
    #7 0x7f226cd99d8f in __libc_start_call_main ../sysdeps/nptl/libc_start_call_main.h:58

Direct leak of 16 byte(s) in 1 object(s) allocated from:
    #0 0x7f226d9b41c7 in operator new(unsigned long) ../../../../src/libsanitizer/asan/asan_new_delete.cpp:99
    #1 0x56381e67cadb in prog::loadFromPNG(std::__cxx11::basic_string<char, std::char_traits<char>, std::allocator<char> > const&) /home/alex/shared/ProjetoPorog/PNG.cpp:20
    #2 0x56381e627b76 in prog::Script::open() /home/alex/shared/ProjetoPorog/Script.cpp:104
    #3 0x56381e626cc7 in prog::Script::run() /home/alex/shared/ProjetoPorog/Script.cpp:40
    #4 0x56381e61759b in prog::TestDriver::test_script(std::__cxx11::basic_string<char, std::char_traits<char>, std::allocator<char> > const&) (/home/alex/shared/ProjetoPorog/test+0x9559b)
    #5 0x56381e61839d in prog::TestDriver::run_test(std::__cxx11::basic_string<char, std::char_traits<char>, std::allocator<char> > const&) (/home/alex/shared/ProjetoPorog/test+0x9639d)
    #6 0x56381e61a213 in prog::TestDriver::test_scripts(std::__cxx11::basic_string<char, std::char_traits<char>, std::allocator<char> > const&) (/home/alex/shared/ProjetoPorog/test+0x98213)
    #7 0x56381e616660 in main /home/alex/shared/ProjetoPorog/test.cpp:186
    #8 0x7f226cd99d8f in __libc_start_call_main ../sysdeps/nptl/libc_start_call_main.h:58

SUMMARY: AddressSanitizer: 32 byte(s) leaked in 2 allocation(s).
>>>> [37] median_filter5 <<<<
Executing command 'open' ...
Executing command 'median_filter' ...
Executing command 'median_filter' ...
Executing command 'median_filter' ...
Executing command 'median_filter' ...
Executing command 'save' ...
Images differ at pixel (493, 0)
47 60 142 vs 47 60 141

=================================================================
==4899==ERROR: LeakSanitizer: detected memory leaks

Direct leak of 48 byte(s) in 3 object(s) allocated from:
    #0 0x7f226d9b41c7 in operator new(unsigned long) ../../../../src/libsanitizer/asan/asan_new_delete.cpp:99
    #1 0x56381e62e2dc in prog::Script::median_filter() /home/alex/shared/ProjetoPorog/Script.cpp:290
    #2 0x56381e62717d in prog::Script::run() /home/alex/shared/ProjetoPorog/Script.cpp:93
    #3 0x56381e61759b in prog::TestDriver::test_script(std::__cxx11::basic_string<char, std::char_traits<char>, std::allocator<char> > const&) (/home/alex/shared/ProjetoPorog/test+0x9559b)
    #4 0x56381e61839d in prog::TestDriver::run_test(std::__cxx11::basic_string<char, std::char_traits<char>, std::allocator<char> > const&) (/home/alex/shared/ProjetoPorog/test+0x9639d)
    #5 0x56381e61a213 in prog::TestDriver::test_scripts(std::__cxx11::basic_string<char, std::char_traits<char>, std::allocator<char> > const&) (/home/alex/shared/ProjetoPorog/test+0x98213)
    #6 0x56381e616660 in main /home/alex/shared/ProjetoPorog/test.cpp:186
    #7 0x7f226cd99d8f in __libc_start_call_main ../sysdeps/nptl/libc_start_call_main.h:58

Direct leak of 16 byte(s) in 1 object(s) allocated from:
    #0 0x7f226d9b41c7 in operator new(unsigned long) ../../../../src/libsanitizer/asan/asan_new_delete.cpp:99
    #1 0x56381e67cadb in prog::loadFromPNG(std::__cxx11::basic_string<char, std::char_traits<char>, std::allocator<char> > const&) /home/alex/shared/ProjetoPorog/PNG.cpp:20
    #2 0x56381e627b76 in prog::Script::open() /home/alex/shared/ProjetoPorog/Script.cpp:104
    #3 0x56381e626cc7 in prog::Script::run() /home/alex/shared/ProjetoPorog/Script.cpp:40
    #4 0x56381e61759b in prog::TestDriver::test_script(std::__cxx11::basic_string<char, std::char_traits<char>, std::allocator<char> > const&) (/home/alex/shared/ProjetoPorog/test+0x9559b)
    #5 0x56381e61839d in prog::TestDriver::run_test(std::__cxx11::basic_string<char, std::char_traits<char>, std::allocator<char> > const&) (/home/alex/shared/ProjetoPorog/test+0x9639d)
    #6 0x56381e61a213 in prog::TestDriver::test_scripts(std::__cxx11::basic_string<char, std::char_traits<char>, std::allocator<char> > const&) (/home/alex/shared/ProjetoPorog/test+0x98213)
    #7 0x56381e616660 in main /home/alex/shared/ProjetoPorog/test.cpp:186
    #8 0x7f226cd99d8f in __libc_start_call_main ../sysdeps/nptl/libc_start_call_main.h:58

SUMMARY: AddressSanitizer: 64 byte(s) leaked in 4 allocation(s).
>>>> [38] replace1 <<<<
Executing command 'open' ...
Executing command 'replace' ...
Executing command 'save' ...
>>>> [39] replace2 <<<<
Executing command 'open' ...
Executing command 'replace' ...
Executing command 'save' ...
>>>> [40] replace3 <<<<
Executing command 'open' ...
Executing command 'replace' ...
Executing command 'replace' ...
Executing command 'save' ...
>>>> [41] rotate_left1 <<<<
Executing command 'open' ...
Executing command 'rotate_left' ...
Executing command 'save' ...
>>>> [42] rotate_left2 <<<<
Executing command 'open' ...
Executing command 'rotate_left' ...
Executing command 'rotate_left' ...
Executing command 'save' ...
>>>> [43] rotate_left3 <<<<
Executing command 'open' ...
Executing command 'rotate_left' ...
Executing command 'rotate_left' ...
Executing command 'rotate_left' ...
Executing command 'save' ...
>>>> [44] rotate_left_rotate_right1 <<<<
Executing command 'open' ...
Executing command 'rotate_left' ...
Executing command 'rotate_right' ...
Executing command 'save' ...
>>>> [45] rotate_left_rotate_right2 <<<<
Executing command 'open' ...
Executing command 'rotate_left' ...
Executing command 'rotate_right' ...
Executing command 'rotate_right' ...
Executing command 'save' ...
>>>> [46] rotate_right1 <<<<
Executing command 'open' ...
Executing command 'rotate_right' ...
Executing command 'save' ...
>>>> [47] rotate_right2 <<<<
Executing command 'open' ...
Executing command 'rotate_right' ...
Executing command 'rotate_right' ...
Executing command 'save' ...
>>>> [48] rotate_right3 <<<<
Executing command 'open' ...
Executing command 'rotate_right' ...
Executing command 'rotate_right' ...
Executing command 'save' ...
>>>> [49] to_gray_scale1 <<<<
Executing command 'open' ...
Executing command 'to_gray_scale' ...
Executing command 'save' ...
>>>> [50] to_gray_scale2 <<<<
Executing command 'open' ...
Executing command 'to_gray_scale' ...
Executing command 'to_gray_scale' ...
Executing command 'save' ...
>>>> [51] to_gray_scale3 <<<<
Executing command 'open' ...
Executing command 'to_gray_scale' ...
Executing command 'save' ...
>>>> [52] to_gray_scale4 <<<<
Executing command 'open' ...
Executing command 'to_gray_scale' ...
Executing command 'save' ...
>>>> [53] v_mirror1 <<<<
Executing command 'open' ...
Executing command 'v_mirror' ...
Executing command 'save' ...
>>>> [54] v_mirror2 <<<<
Executing command 'open' ...
Executing command 'v_mirror' ...
Executing command 'v_mirror' ...
Executing command 'save' ...
>>>> [55] v_mirror3 <<<<
Executing command 'open' ...
Executing command 'v_mirror' ...
Executing command 'save' ...
>>>> [56] v_mirror4 <<<<
Executing command 'open' ...
Executing command 'v_mirror' ...
Executing command 'save' ...
>>>> [57] xpm2_open1 <<<<
Executing command 'xpm2_open' ...
Executing command 'input/blarg.xpm' ...
Executing command 'save' ...
PNG.cpp:31:30: runtime error: member call on null pointer of type 'const struct Image'
Image.cpp:34:18: runtime error: member access within null pointer of type 'const struct Image'
AddressSanitizer:DEADLYSIGNAL
=================================================================
==4939==ERROR: AddressSanitizer: SEGV on unknown address 0x000000000004 (pc 0x56381e625cbf bp 0x7ffc042244b0 sp 0x7ffc042244a0 T0)
==4939==The signal is caused by a READ memory access.
==4939==Hint: address points to the zero page.
    #0 0x56381e625cbf in prog::Image::height() const /home/alex/shared/ProjetoPorog/Image.cpp:34
    #1 0x56381e67d135 in prog::saveToPNG(std::__cxx11::basic_string<char, std::char_traits<char>, std::allocator<char> > const&, prog::Image const*) /home/alex/shared/ProjetoPorog/PNG.cpp:31
    #2 0x56381e62833c in prog::Script::save() /home/alex/shared/ProjetoPorog/Script.cpp:118
    #3 0x56381e626d81 in prog::Script::run() /home/alex/shared/ProjetoPorog/Script.cpp:49
    #4 0x56381e61759b in prog::TestDriver::test_script(std::__cxx11::basic_string<char, std::char_traits<char>, std::allocator<char> > const&) (/home/alex/shared/ProjetoPorog/test+0x9559b)
    #5 0x56381e61839d in prog::TestDriver::run_test(std::__cxx11::basic_string<char, std::char_traits<char>, std::allocator<char> > const&) (/home/alex/shared/ProjetoPorog/test+0x9639d)
    #6 0x56381e61a213 in prog::TestDriver::test_scripts(std::__cxx11::basic_string<char, std::char_traits<char>, std::allocator<char> > const&) (/home/alex/shared/ProjetoPorog/test+0x98213)
    #7 0x56381e616660 in main /home/alex/shared/ProjetoPorog/test.cpp:186
    #8 0x7f226cd99d8f in __libc_start_call_main ../sysdeps/nptl/libc_start_call_main.h:58
    #9 0x7f226cd99e3f in __libc_start_main_impl ../csu/libc-start.c:392
    #10 0x56381e6161f4 in _start (/home/alex/shared/ProjetoPorog/test+0x941f4)

AddressSanitizer can not provide additional info.
SUMMARY: AddressSanitizer: SEGV /home/alex/shared/ProjetoPorog/Image.cpp:34 in prog::Image::height() const
==4939==ABORTING
>>>> [58] xpm2_open2 <<<<
Executing command 'xpm2_open' ...
Executing command 'input/squares.xpm' ...
Executing command 'save' ...
PNG.cpp:31:30: runtime error: member call on null pointer of type 'const struct Image'
Image.cpp:34:18: runtime error: member access within null pointer of type 'const struct Image'
AddressSanitizer:DEADLYSIGNAL
=================================================================
==4940==ERROR: AddressSanitizer: SEGV on unknown address 0x000000000004 (pc 0x56381e625cbf bp 0x7ffc042244b0 sp 0x7ffc042244a0 T0)
==4940==The signal is caused by a READ memory access.
==4940==Hint: address points to the zero page.
    #0 0x56381e625cbf in prog::Image::height() const /home/alex/shared/ProjetoPorog/Image.cpp:34
    #1 0x56381e67d135 in prog::saveToPNG(std::__cxx11::basic_string<char, std::char_traits<char>, std::allocator<char> > const&, prog::Image const*) /home/alex/shared/ProjetoPorog/PNG.cpp:31
    #2 0x56381e62833c in prog::Script::save() /home/alex/shared/ProjetoPorog/Script.cpp:118
    #3 0x56381e626d81 in prog::Script::run() /home/alex/shared/ProjetoPorog/Script.cpp:49
    #4 0x56381e61759b in prog::TestDriver::test_script(std::__cxx11::basic_string<char, std::char_traits<char>, std::allocator<char> > const&) (/home/alex/shared/ProjetoPorog/test+0x9559b)
    #5 0x56381e61839d in prog::TestDriver::run_test(std::__cxx11::basic_string<char, std::char_traits<char>, std::allocator<char> > const&) (/home/alex/shared/ProjetoPorog/test+0x9639d)
    #6 0x56381e61a213 in prog::TestDriver::test_scripts(std::__cxx11::basic_string<char, std::char_traits<char>, std::allocator<char> > const&) (/home/alex/shared/ProjetoPorog/test+0x98213)
    #7 0x56381e616660 in main /home/alex/shared/ProjetoPorog/test.cpp:186
    #8 0x7f226cd99d8f in __libc_start_call_main ../sysdeps/nptl/libc_start_call_main.h:58
    #9 0x7f226cd99e3f in __libc_start_main_impl ../csu/libc-start.c:392
    #10 0x56381e6161f4 in _start (/home/alex/shared/ProjetoPorog/test+0x941f4)

AddressSanitizer can not provide additional info.
SUMMARY: AddressSanitizer: SEGV /home/alex/shared/ProjetoPorog/Image.cpp:34 in prog::Image::height() const
==4940==ABORTING
>>>> [59] xpm2_open3 <<<<
Executing command 'xpm2_open' ...
Executing command 'input/tetris.xpm' ...
Executing command 'save' ...
PNG.cpp:31:30: runtime error: member call on null pointer of type 'const struct Image'
Image.cpp:34:18: runtime error: member access within null pointer of type 'const struct Image'
AddressSanitizer:DEADLYSIGNAL
=================================================================
==4941==ERROR: AddressSanitizer: SEGV on unknown address 0x000000000004 (pc 0x56381e625cbf bp 0x7ffc042244b0 sp 0x7ffc042244a0 T0)
==4941==The signal is caused by a READ memory access.
==4941==Hint: address points to the zero page.
    #0 0x56381e625cbf in prog::Image::height() const /home/alex/shared/ProjetoPorog/Image.cpp:34
    #1 0x56381e67d135 in prog::saveToPNG(std::__cxx11::basic_string<char, std::char_traits<char>, std::allocator<char> > const&, prog::Image const*) /home/alex/shared/ProjetoPorog/PNG.cpp:31
    #2 0x56381e62833c in prog::Script::save() /home/alex/shared/ProjetoPorog/Script.cpp:118
    #3 0x56381e626d81 in prog::Script::run() /home/alex/shared/ProjetoPorog/Script.cpp:49
    #4 0x56381e61759b in prog::TestDriver::test_script(std::__cxx11::basic_string<char, std::char_traits<char>, std::allocator<char> > const&) (/home/alex/shared/ProjetoPorog/test+0x9559b)
    #5 0x56381e61839d in prog::TestDriver::run_test(std::__cxx11::basic_string<char, std::char_traits<char>, std::allocator<char> > const&) (/home/alex/shared/ProjetoPorog/test+0x9639d)
    #6 0x56381e61a213 in prog::TestDriver::test_scripts(std::__cxx11::basic_string<char, std::char_traits<char>, std::allocator<char> > const&) (/home/alex/shared/ProjetoPorog/test+0x98213)
    #7 0x56381e616660 in main /home/alex/shared/ProjetoPorog/test.cpp:186
    #8 0x7f226cd99d8f in __libc_start_call_main ../sysdeps/nptl/libc_start_call_main.h:58
    #9 0x7f226cd99e3f in __libc_start_main_impl ../csu/libc-start.c:392
    #10 0x56381e6161f4 in _start (/home/alex/shared/ProjetoPorog/test+0x941f4)

AddressSanitizer can not provide additional info.
SUMMARY: AddressSanitizer: SEGV /home/alex/shared/ProjetoPorog/Image.cpp:34 in prog::Image::height() const
==4941==ABORTING
>>>> [60] xpm2_open4 <<<<
Executing command 'xpm2_open' ...
Executing command 'input/mondrian.xpm' ...
Executing command 'save' ...
PNG.cpp:31:30: runtime error: member call on null pointer of type 'const struct Image'
Image.cpp:34:18: runtime error: member access within null pointer of type 'const struct Image'
AddressSanitizer:DEADLYSIGNAL
=================================================================
==4942==ERROR: AddressSanitizer: SEGV on unknown address 0x000000000004 (pc 0x56381e625cbf bp 0x7ffc042244b0 sp 0x7ffc042244a0 T0)
==4942==The signal is caused by a READ memory access.
==4942==Hint: address points to the zero page.
    #0 0x56381e625cbf in prog::Image::height() const /home/alex/shared/ProjetoPorog/Image.cpp:34
    #1 0x56381e67d135 in prog::saveToPNG(std::__cxx11::basic_string<char, std::char_traits<char>, std::allocator<char> > const&, prog::Image const*) /home/alex/shared/ProjetoPorog/PNG.cpp:31
    #2 0x56381e62833c in prog::Script::save() /home/alex/shared/ProjetoPorog/Script.cpp:118
    #3 0x56381e626d81 in prog::Script::run() /home/alex/shared/ProjetoPorog/Script.cpp:49
    #4 0x56381e61759b in prog::TestDriver::test_script(std::__cxx11::basic_string<char, std::char_traits<char>, std::allocator<char> > const&) (/home/alex/shared/ProjetoPorog/test+0x9559b)
    #5 0x56381e61839d in prog::TestDriver::run_test(std::__cxx11::basic_string<char, std::char_traits<char>, std::allocator<char> > const&) (/home/alex/shared/ProjetoPorog/test+0x9639d)
    #6 0x56381e61a213 in prog::TestDriver::test_scripts(std::__cxx11::basic_string<char, std::char_traits<char>, std::allocator<char> > const&) (/home/alex/shared/ProjetoPorog/test+0x98213)
    #7 0x56381e616660 in main /home/alex/shared/ProjetoPorog/test.cpp:186
    #8 0x7f226cd99d8f in __libc_start_call_main ../sysdeps/nptl/libc_start_call_main.h:58
    #9 0x7f226cd99e3f in __libc_start_main_impl ../csu/libc-start.c:392
    #10 0x56381e6161f4 in _start (/home/alex/shared/ProjetoPorog/test+0x941f4)

AddressSanitizer can not provide additional info.
SUMMARY: AddressSanitizer: SEGV /home/alex/shared/ProjetoPorog/Image.cpp:34 in prog::Image::height() const
==4942==ABORTING
>>>> [61] xpm2_open5 <<<<
Executing command 'xpm2_open' ...
Executing command 'input/lion.xpm' ...
Executing command 'save' ...
PNG.cpp:31:30: runtime error: member call on null pointer of type 'const struct Image'
Image.cpp:34:18: runtime error: member access within null pointer of type 'const struct Image'
AddressSanitizer:DEADLYSIGNAL
=================================================================
==4943==ERROR: AddressSanitizer: SEGV on unknown address 0x000000000004 (pc 0x56381e625cbf bp 0x7ffc042244b0 sp 0x7ffc042244a0 T0)
==4943==The signal is caused by a READ memory access.
==4943==Hint: address points to the zero page.
    #0 0x56381e625cbf in prog::Image::height() const /home/alex/shared/ProjetoPorog/Image.cpp:34
    #1 0x56381e67d135 in prog::saveToPNG(std::__cxx11::basic_string<char, std::char_traits<char>, std::allocator<char> > const&, prog::Image const*) /home/alex/shared/ProjetoPorog/PNG.cpp:31
    #2 0x56381e62833c in prog::Script::save() /home/alex/shared/ProjetoPorog/Script.cpp:118
    #3 0x56381e626d81 in prog::Script::run() /home/alex/shared/ProjetoPorog/Script.cpp:49
    #4 0x56381e61759b in prog::TestDriver::test_script(std::__cxx11::basic_string<char, std::char_traits<char>, std::allocator<char> > const&) (/home/alex/shared/ProjetoPorog/test+0x9559b)
    #5 0x56381e61839d in prog::TestDriver::run_test(std::__cxx11::basic_string<char, std::char_traits<char>, std::allocator<char> > const&) (/home/alex/shared/ProjetoPorog/test+0x9639d)
    #6 0x56381e61a213 in prog::TestDriver::test_scripts(std::__cxx11::basic_string<char, std::char_traits<char>, std::allocator<char> > const&) (/home/alex/shared/ProjetoPorog/test+0x98213)
    #7 0x56381e616660 in main /home/alex/shared/ProjetoPorog/test.cpp:186
    #8 0x7f226cd99d8f in __libc_start_call_main ../sysdeps/nptl/libc_start_call_main.h:58
    #9 0x7f226cd99e3f in __libc_start_main_impl ../csu/libc-start.c:392
    #10 0x56381e6161f4 in _start (/home/alex/shared/ProjetoPorog/test+0x941f4)

AddressSanitizer can not provide additional info.
SUMMARY: AddressSanitizer: SEGV /home/alex/shared/ProjetoPorog/Image.cpp:34 in prog::Image::height() const
==4943==ABORTING
>>>> [62] xpm2_save1 <<<<
Executing command 'open' ...
Executing command 'xpm2_save' ...
Executing command 'output/xpm2_save1.xpm' ...
Executing command 'blank' ...
Executing command 'xpm2_open' ...
Executing command 'output/xpm2_save1.xpm' ...
Executing command 'save' ...
Images have different dimensions: 16x7 != 1x1
>>>> [63] xpm2_save2 <<<<
Executing command 'open' ...
Executing command 'xpm2_save' ...
Executing command 'output/xpm2_save2.xpm' ...
Executing command 'blank' ...
Executing command 'xpm2_open' ...
Executing command 'output/xpm2_save2.xpm' ...
Executing command 'save' ...
Images have different dimensions: 150x150 != 1x1
>>>> [64] xpm2_save3 <<<<
Executing command 'open' ...
Executing command 'xpm2_save' ...
Executing command 'output/xpm2_save3.xpm' ...
Executing command 'blank' ...
Executing command 'xpm2_open' ...
Executing command 'output/xpm2_save3.xpm' ...
Executing command 'save' ...
Images have different dimensions: 300x300 != 1x1
>>>> [65] xpm2_save4 <<<<
Executing command 'open' ...
Executing command 'xpm2_save' ...
Executing command 'output/xpm2_save4.xpm' ...
Executing command 'blank' ...
Executing command 'xpm2_open' ...
Executing command 'output/xpm2_save4.xpm' ...
Executing command 'save' ...
Images have different dimensions: 270x480 != 1x1
>>>> [66] xpm2_save5 <<<<
Executing command 'open' ...
Executing command 'xpm2_save' ...
Executing command 'output/xpm2_save5.xpm' ...
Executing command 'blank' ...
Executing command 'xpm2_open' ...
Executing command 'output/xpm2_save5.xpm' ...
Executing command 'save' ...
Images have different dimensions: 250x380 != 1x1
